// Jest Snapshot v1, https://goo.gl/fbAQLP

exports[`Testing Header Component Should match with snapshot 1`] = `
LoadedCheerio {
  "0": <header
    class="MuiPaper-root MuiPaper-elevation MuiPaper-elevation4 MuiAppBar-root MuiAppBar-colorPrimary MuiAppBar-positionFixed mui-fixed css-vls1af-MuiPaper-root-MuiAppBar-root"
    id="task-app-header"
  >
    <p
      class="MuiTypography-root MuiTypography-body1 NavMenu css-l6pxfq-MuiTypography-root"
      id="nav-home"
    >
      Task Management
    </p>
  </header>,
  "_root": LoadedCheerio {
    "0": Document {
      "children": Array [
        <html>
          <head />
          <body />
        </html>,
      ],
      "endIndex": null,
      "next": null,
      "parent": null,
      "prev": null,
      "startIndex": null,
      "type": "root",
      "x-mode": "quirks",
    },
    "_root": [Circular],
    "length": 1,
    "options": Object {
      "decodeEntities": true,
      "xml": false,
    },
  },
  "length": 1,
  "options": Object {
    "decodeEntities": true,
    "xml": false,
  },
}
`;
