// Jest Snapshot v1, https://goo.gl/fbAQLP

exports[`Testing Loading Component Renders and matches snapshot 1`] = `ShallowWrapper {}`;
